// Jest Snapshot v1, https://goo.gl/fbAQLP

exports[`# Pruebas en el Componente <CounterApp /> Debe de hacer match con el snapshot 1`] = `
<div>
  <h1>
    Counter App
  </h1>
  <h2>
    100
  </h2>
  <button>
    incrementar
  </button>
  <button>
    subtract
  </button>
  <button>
    reset
  </button>
</div>
`;
