// Jest Snapshot v1, https://goo.gl/fbAQLP

exports[`Testing al componente <GitItem> Prueba de snapshot 1`] = `
<div>
  <div
    class="card"
  >
    <img
      alt="saitama"
      src="https://one-puch.com/saitama.png"
    />
    <p>
      saitama
    </p>
  </div>
</div>
`;
